Drill report for smartlada_revB.kicad_pcb
Created on 2026-07-30T11:45:36

Copper Layer Stackup:
    =============================================================
    L1 :  F.Cu                      front
    L2 :  In1.Cu.GND                in1
    L3 :  In2.Cu.+3V3               in2
    L4 :  B.Cu                      back


Drill file 'smartlada_revB-PTH-drl.gbr' contains
    plated through holes:
    =============================================================
    T1  0.300mm  0.0118"  (42 holes))
    T2  0.300mm  0.0118"  (14 holes))
    T3  0.800mm  0.0315"  (2 holes))
    T4  0.920mm  0.0362"  (4 holes))
    T5  0.991mm  0.0390"  (8 holes))
    T6  1.000mm  0.0394"  (16 holes))
    T7  1.100mm  0.0433"  (5 holes))
    T8  1.300mm  0.0512"  (4 holes))
    T9  2.330mm  0.0917"  (2 holes))

    Total plated holes count 97


Drill file 'smartlada_revB-NPTH-drl.gbr' contains
    unplated through holes:
    =============================================================
    T1  2.700mm  0.1063"  (1 hole)
    T2  3.200mm  0.1260"  (4 holes))

    Total unplated holes count 5
