Drill report for smartlada_revA.kicad_pcb
Created on 2026-07-21T17:00:18

Copper Layer Stackup:
    =============================================================
    L1 :  F.Cu                      front
    L2 :  B.Cu                      back


Drill file 'smartlada_revA-PTH-drl.gbr' contains
    plated through holes:
    =============================================================
    T1  0.400mm  0.0157"  (2 holes))
    T2  0.500mm  0.0197"  (2 holes))
    T3  0.800mm  0.0315"  (2 holes))
    T4  1.000mm  0.0394"  (4 holes))
    T5  1.000mm  0.0394"  (8 holes))
    T6  1.100mm  0.0433"  (5 holes))
    T7  1.300mm  0.0512"  (4 holes))

    Total plated holes count 27


Drill file 'smartlada_revA-NPTH-drl.gbr' contains
    unplated through holes:
    =============================================================
    T1  2.700mm  0.1063"  (1 hole)
    T2  3.200mm  0.1260"  (4 holes))

    Total unplated holes count 5
